Fehler: Die Abmessung der Flaeche muss ganzzahlig sein!