Fehler: Der Startpunkt muss in der Flaeche liegen!