Fehler: Die Abmessung der Flaeche muss zwischen 1 und 10 liegen!