Fehler: Die Abmessungen der Flaeche muessen ganzzahlig sein!