Fehler: Es muessen genau zwei Werte als Abmessungen der Flaeche gegeben sein!