Startpunkt (5,1)
  1 2 3 4 5 6
1             
2       H     
3       H     
4       H     
5 S     H     

Uhrzeiger-Strategie:
  1 2 3 4 5 6
1 > v > > > v 
2 ^ v ^ H Z v 
3 ^ v ^ H ^ v 
4 ^ v ^ H ^ v 
5 ^ > ^ H ^ < 

Routenplan:
5,1 / 1,1 / 1,2 / 5,2 / 5,3 / 1,3 / 1,6 / 5,6 / 5,5 / 2,5

Meine Strategie:
  1 2 3 4 5 6
1 > v > > > v 
2 ^ v ^ H Z v 
3 ^ v ^ H ^ v 
4 ^ v ^ H ^ v 
5 ^ > ^ H ^ < 

Routenplan:
5,1 / 1,1 / 1,2 / 5,2 / 5,3 / 1,3 / 1,6 / 5,6 / 5,5 / 2,5

zu versiegelnde Parzellen: 26
Hindernisparzellen: 4
versiegelte Parzellen: 26
nicht versiegelte Parzellen: 0