Startpunkt (2,1)
  1 2 3 4 5
1           
2 S   H H H 
3           

Uhrzeiger-Strategie:
  1 2 3 4 5
1 > v       
2 ^ v H H H 
3   > > > Z 

Routenplan:
2,1 / 1,1 / 1,2 / 3,2 / 3,5

Meine Strategie:
  1 2 3 4 5
1 > v       
2 ^ v H H H 
3   > > > Z 

Routenplan:
2,1 / 1,1 / 1,2 / 3,2 / 3,5

zu versiegelnde Parzellen: 12
Hindernisparzellen: 3
versiegelte Parzellen: 8
nicht versiegelte Parzellen: 4