Startpunkt (2,2)
  1 2 3
1       
2   S   
3       

Uhrzeiger-Strategie:
  1 2 3
1 Z > v 
2 ^ ^ v 
3 ^ < < 

Routenplan:
2,2 / 1,2 / 1,3 / 3,3 / 3,1 / 1,1

Meine Strategie:
  1 2 3
1 v < Z 
2 v ^ ^ 
3 > > ^ 

Routenplan:
2,2 / 1,2 / 1,1 / 3,1 / 3,3 / 1,3

zu versiegelnde Parzellen: 9
Hindernisparzellen: 0
versiegelte Parzellen: 9
nicht versiegelte Parzellen: 0