Startpunkt (5,1)
  1 2 3 4 5 6
1       H   H 
2   H       H 
3   H   H   H 
4   H   H     
5 S     H     

Uhrzeiger-Strategie:
  1 2 3 4 5 6
1 > > v H   H 
2 ^ H > > v H 
3 ^ H   H v H 
4 ^ H   H > v 
5 ^     H Z < 

Routenplan:
5,1 / 1,1 / 1,3 / 2,3 / 2,5 / 4,5 / 4,6 / 5,6 / 5,5

Meine Strategie:
  1 2 3 4 5 6
1 > > v H   H 
2 ^ H > > v H 
3 ^ H   H v H 
4 ^ H   H v Z 
5 ^     H > ^ 

Routenplan:
5,1 / 1,1 / 1,3 / 2,3 / 2,5 / 5,5 / 5,6 / 4,6

zu versiegelnde Parzellen: 20
Hindernisparzellen: 10
versiegelte Parzellen: 15
nicht versiegelte Parzellen: 5