Startpunkt (4,7)
  1 2 3 4 5 6 7
1 H H           
2 H H           
3 H H           
4 H H         S 
5 H H           
6 H H           
7 H H H H H H H 

Uhrzeiger-Strategie:
  1 2 3 4 5 6 7
1 H H Z v < v < 
2 H H ^ v ^ v ^ 
3 H H ^ v ^ v ^ 
4 H H ^ v ^ v ^ 
5 H H ^ v ^ > v 
6 H H ^ < ^ < < 
7 H H H H H H H 

Routenplan:
4,7 / 1,7 / 1,6 / 5,6 / 5,7 / 6,7 / 6,5 / 1,5 / 1,4 / 6,4 / 6,3 / 1,3

Meine Strategie:
  1 2 3 4 5 6 7
1 H H v < < < < 
2 H H v > > v ^ 
3 H H v ^ Z v ^ 
4 H H v ^ ^ < ^ 
5 H H v ^ < < < 
6 H H > > > > ^ 
7 H H H H H H H 

Routenplan:
4,7 / 1,7 / 1,3 / 6,3 / 6,7 / 5,7 / 5,4 / 2,4 / 2,6 / 4,6 / 4,5 / 3,5

zu versiegelnde Parzellen: 30
Hindernisparzellen: 19
versiegelte Parzellen: 30
nicht versiegelte Parzellen: 0