Startpunkt (1,1)
  1 2 3 4 5
1 S       H 
2           
3           
4           
5 H H H H   

Uhrzeiger-Strategie:
  1 2 3 4 5
1 > > > v H 
2   v < > v 
3 v < ^ < < 
4 > > > > v 
5 H H H H Z 

Routenplan:
1,1 / 1,4 / 2,4 / 2,5 / 3,5 / 3,3 / 2,3 / 2,2 / 3,2 / 3,1 / 4,1 / 4,5 / 5,5

Meine Strategie:
  1 2 3 4 5
1 v > > v H 
2 v ^   > v 
3 v ^ < < v 
4 > > > ^ v 
5 H H H H Z 

Routenplan:
1,1 / 4,1 / 4,4 / 3,4 / 3,2 / 1,2 / 1,4 / 2,4 / 2,5 / 5,5

zu versiegelnde Parzellen: 20
Hindernisparzellen: 5
versiegelte Parzellen: 19
nicht versiegelte Parzellen: 1