Fehler: Der Block darf den Startpunkt nicht ueberschneiden!