Startpunkt (1,1)
  1 2 3 4 5 6
1 S           
2             
3             
4             
5           H 
6         H   

Uhrzeiger-Strategie
  1 2 3 4 5 6
1 > > > > > v 
2 v < < v < v 
3 > v ^ v ^ v 
4 v < ^ < ^ < 
5 v > v > Z H 
6 > ^ > ^ H   

Routenplan:
1,1 / 1,6 / 4,6 / 4,5 / 2,5 / 2,4 / 4,4 / 4,3 / 2,3 / 2,1 / 3,1 / 3,2 / 4,2 / 4,1 / 6,1 / 6,2 / 5,2 / 5,3 / 6,3 / 6,4 / 5,4 / 5,5

Meine Strategie
  1 2 3 4 5 6
1 v > > > > v 
2 v ^ v < v < 
3 v ^ v ^ > v 
4 v ^ v ^ v < 
5 v ^ < ^ Z H 
6 > > > ^ H   

Routenplan:
1,1 / 6,1 / 6,4 / 2,4 / 2,3 / 5,3 / 5,2 / 1,2 / 1,6 / 2,6 / 2,5 / 3,5 / 3,6 / 4,6 / 4,5 / 5,5

zu versiegelnde Parzellen: 34
Hindernisparzellen: 2
versiegelte Parzellen: 33
nicht versiegelte Parzellen: 1