Fehler: Die Abmessung der Flaeche muessen zwischen 1 und 10 liegen!